AMV BBDO#https://raw.github.com/jdcheesman/excel_public/master/AMV_BBDO.jpg
Bain & Company#https://raw.github.com/jdcheesman/excel_public/master/Bain_n_Company.jpg
BBC#https://raw.github.com/jdcheesman/excel_public/master/BBC.jpg
City Fleet#https://raw.github.com/jdcheesman/excel_public/master/City_Fleet.jpg
excel#https://raw.github.com/jdcheesman/excel_public/master/excel.jpg
Filghts Hallmark#https://raw.github.com/jdcheesman/excel_public/master/Filghts_Hallmark.jpg
Four#https://raw.github.com/jdcheesman/excel_public/master/Four.jpg
HSBC#https://raw.github.com/jdcheesman/excel_public/master/HSBC.jpg
Lexis PR#https://raw.github.com/jdcheesman/excel_public/master/Lexis_PR.jpg
One Transport#https://raw.github.com/jdcheesman/excel_public/master/One_Transport.jpg
Paddy Power#https://raw.github.com/jdcheesman/excel_public/master/Paddy_Power.jpg
Radley Yeldar#https://raw.github.com/jdcheesman/excel_public/master/Radley_Yeldar.jpg
Reed Smith#https://raw.github.com/jdcheesman/excel_public/master/Reed_Smith.jpg
Simmons#https://raw.github.com/jdcheesman/excel_public/master/Simmons.jpg
UBS#https://raw.github.com/jdcheesman/excel_public/master/UBS.jpg
